
> sozialer-navigator-app@0.1.1 build
> astro build

node.exe : 
[31m[config][39m 
Astro found issue(s) 
with your 
configuration:
In Zeile:1 Zeichen:1
+ & "C:\Program 
Files\nodejs/node.exe" 
"C:\Program 
Files\nodejs/node_mo 
...
+ ~~~~~~~~~~~~~~~~~~~~~
~~~~~~~~~~~~~~~~~~~~~~~
~~~~~~~~~~~~~~~~~~~~~~~
~~
    + CategoryInfo     
         : NotSpe    
cified: ([31m[c    
onfig][... conf    
iguration::Strin    g) 
[], RemoteExc    eption
    + FullyQualified   
 ErrorId : Native    
CommandError
 

[31m! The 
[34moutput: 
"hybrid"[31m option 
has been removed. Use 
[34moutput: 
"static"[31m (the 
default) instead, 
which now behaves the 
same way.[39m

